// Jest Snapshot v1, https://goo.gl/fbAQLP

exports[`Home component renders Home component correctly 1`] = `
<div>
  <main
    class="flex flex-col p-40 pt-80 pl-60"
  >
    <h1
      class="header text-6xl font-bold text-white pb-2"
    >
      C:Shell
    </h1>
    <h3
      class="description text-3xl text-white"
    >
      Bring the ocean home.
    </h3>
  </main>
</div>
`;
